222.142.142.23 - - [06/Jun/2020:19:58:57 +0800] "GET /api/ HTTP/1.1" 200 3 "-" "Mozilla/5.0 (Macintosh; Intel Mac OS X 10_15_4) AppleWebKit/605.1.15 (KHTML, like Gecko) Version/13.1 Safari/605.1.15"
222.142.142.23 - - [06/Jun/2020:19:59:04 +0800] "GET /api/ HTTP/1.1" 200 3 "-" "Mozilla/5.0 (Macintosh; Intel Mac OS X 10_15_4) AppleWebKit/605.1.15 (KHTML, like Gecko) Version/13.1 Safari/605.1.15"
222.142.142.23 - - [06/Jun/2020:19:59:04 +0800] "GET /api/videolist HTTP/1.1" 200 2682 "-" "Mozilla/5.0 (Macintosh; Intel Mac OS X 10_15_4) AppleWebKit/605.1.15 (KHTML, like Gecko) Version/13.1 Safari/605.1.15"
222.142.142.23 - - [06/Jun/2020:19:59:05 +0800] "GET /api/videolist HTTP/1.1" 200 2682 "-" "Mozilla/5.0 (Macintosh; Intel Mac OS X 10_15_4) AppleWebKit/605.1.15 (KHTML, like Gecko) Version/13.1 Safari/605.1.15"
127.0.0.1 - - [06/Jun/2020:19:59:06 +0800] "GET /api/videolist HTTP/1.0" 200 2682 "http://106.55.33.30:8000/" "Mozilla/5.0 (Macintosh; Intel Mac OS X 10_15_4) AppleWebKit/537.36 (KHTML, like Gecko) Chrome/83.0.4103.61 Safari/537.36"
222.142.142.23 - - [06/Jun/2020:19:59:25 +0800] "GET /api/nodownloadvideolist HTTP/1.1" 200 198 "-" "Mozilla/5.0 (Macintosh; Intel Mac OS X 10_15_4) AppleWebKit/605.1.15 (KHTML, like Gecko) Version/13.1 Safari/605.1.15"
222.142.142.23 - - [06/Jun/2020:19:59:28 +0800] "GET /api/nodownloadvideolist HTTP/1.1" 200 198 "-" "Mozilla/5.0 (Macintosh; Intel Mac OS X 10_15_4) AppleWebKit/605.1.15 (KHTML, like Gecko) Version/13.1 Safari/605.1.15"
127.0.0.1 - - [06/Jun/2020:20:00:13 +0800] "GET /api/videolist HTTP/1.0" 200 2682 "http://106.55.33.30:8000/" "Mozilla/5.0 (Macintosh; Intel Mac OS X 10_15_4) AppleWebKit/537.36 (KHTML, like Gecko) Chrome/83.0.4103.61 Safari/537.36"
222.142.142.23 - - [06/Jun/2020:20:00:55 +0800] "GET /api/nodownloadvideolist HTTP/1.1" 200 198 "-" "python-requests/2.23.0"
222.142.142.23 - - [06/Jun/2020:20:01:12 +0800] "POST /api/savedownloadvideo HTTP/1.1" 200 17 "-" "python-requests/2.23.0"
222.142.142.23 - - [06/Jun/2020:20:01:35 +0800] "GET /api/videolist HTTP/1.1" 200 2608 "-" "Mozilla/5.0 (Macintosh; Intel Mac OS X 10_15_4) AppleWebKit/605.1.15 (KHTML, like Gecko) Version/13.1 Safari/605.1.15"
222.142.142.23 - - [06/Jun/2020:20:01:37 +0800] "GET /api/nodownloadvideolist HTTP/1.1" 200 100 "-" "Mozilla/5.0 (Macintosh; Intel Mac OS X 10_15_4) AppleWebKit/605.1.15 (KHTML, like Gecko) Version/13.1 Safari/605.1.15"
222.142.142.23 - - [06/Jun/2020:20:01:38 +0800] "GET /api/nodownloadvideolist HTTP/1.1" 200 100 "-" "Mozilla/5.0 (Macintosh; Intel Mac OS X 10_15_4) AppleWebKit/605.1.15 (KHTML, like Gecko) Version/13.1 Safari/605.1.15"
127.0.0.1 - - [06/Jun/2020:20:01:41 +0800] "GET /api/videolist HTTP/1.0" 200 2608 "http://106.55.33.30:8000/" "Mozilla/5.0 (Macintosh; Intel Mac OS X 10_15_4) AppleWebKit/537.36 (KHTML, like Gecko) Chrome/83.0.4103.61 Safari/537.36"
222.142.142.23 - - [06/Jun/2020:20:01:41 +0800] "GET /api/ HTTP/1.1" 200 3 "http://106.55.33.30:8000/" "Mozilla/5.0 (Macintosh; Intel Mac OS X 10_15_4) AppleWebKit/537.36 (KHTML, like Gecko) Chrome/83.0.4103.61 Safari/537.36"
127.0.0.1 - - [06/Jun/2020:20:01:42 +0800] "GET /api/videolist HTTP/1.0" 200 2608 "http://106.55.33.30:8000/" "Mozilla/5.0 (Macintosh; Intel Mac OS X 10_15_4) AppleWebKit/537.36 (KHTML, like Gecko) Chrome/83.0.4103.61 Safari/537.36"
222.142.142.23 - - [06/Jun/2020:20:01:42 +0800] "GET /api/ HTTP/1.1" 200 3 "http://106.55.33.30:8000/" "Mozilla/5.0 (Macintosh; Intel Mac OS X 10_15_4) AppleWebKit/537.36 (KHTML, like Gecko) Chrome/83.0.4103.61 Safari/537.36"
127.0.0.1 - - [06/Jun/2020:20:01:43 +0800] "GET /api/getvideo/16 HTTP/1.0" 200 217 "http://106.55.33.30:8000/Player/16" "Mozilla/5.0 (Macintosh; Intel Mac OS X 10_15_4) AppleWebKit/537.36 (KHTML, like Gecko) Chrome/83.0.4103.61 Safari/537.36"
222.142.142.23 - - [06/Jun/2020:20:02:15 +0800] "POST /api/savedownloadvideo HTTP/1.1" 200 17 "-" "python-requests/2.23.0"
222.142.142.23 - - [06/Jun/2020:20:03:24 +0800] "GET /api/nodownloadvideolist HTTP/1.1" 200 3 "-" "python-requests/2.23.0"
222.142.142.23 - - [06/Jun/2020:20:04:33 +0800] "GET /api/nodownloadvideolist HTTP/1.1" 200 3 "-" "python-requests/2.23.0"
127.0.0.1 - - [06/Jun/2020:20:05:25 +0800] "GET /api/videolist HTTP/1.0" 200 2656 "http://106.55.33.30:8000/" "Mozilla/5.0 (iPhone; CPU iPhone OS 13_4 like Mac OS X) AppleWebKit/605.1.15 (KHTML, like Gecko) CriOS/83.0.4103.88 Mobile/15E148 Safari/604.1"
222.142.142.23 - - [06/Jun/2020:20:05:25 +0800] "GET /api/ HTTP/1.1" 200 3 "http://106.55.33.30:8000/" "Mozilla/5.0 (iPhone; CPU iPhone OS 13_4 like Mac OS X) AppleWebKit/605.1.15 (KHTML, like Gecko) CriOS/83.0.4103.88 Mobile/15E148 Safari/604.1"
127.0.0.1 - - [06/Jun/2020:20:05:29 +0800] "GET /api/getvideo/15 HTTP/1.0" 200 288 "http://106.55.33.30:8000/Player/15" "Mozilla/5.0 (iPhone; CPU iPhone OS 13_4 like Mac OS X) AppleWebKit/605.1.15 (KHTML, like Gecko) CriOS/83.0.4103.88 Mobile/15E148 Safari/604.1"
222.142.142.23 - - [06/Jun/2020:20:05:44 +0800] "GET /api/nodownloadvideolist HTTP/1.1" 200 3 "-" "python-requests/2.23.0"
222.142.142.23 - - [06/Jun/2020:20:06:09 +0800] "GET /api/ HTTP/1.1" 200 3 "http://106.55.33.30:8000/" "Mozilla/5.0 (iPhone; CPU iPhone OS 13_4 like Mac OS X) AppleWebKit/605.1.15 (KHTML, like Gecko) CriOS/83.0.4103.88 Mobile/15E148 Safari/604.1"
127.0.0.1 - - [06/Jun/2020:20:06:09 +0800] "GET /api/videolist HTTP/1.0" 200 2656 "http://106.55.33.30:8000/" "Mozilla/5.0 (iPhone; CPU iPhone OS 13_4 like Mac OS X) AppleWebKit/605.1.15 (KHTML, like Gecko) CriOS/83.0.4103.88 Mobile/15E148 Safari/604.1"
127.0.0.1 - - [06/Jun/2020:20:06:13 +0800] "GET /api/videolist HTTP/1.0" 200 2656 "http://106.55.33.30:8000/" "Mozilla/5.0 (iPhone; CPU iPhone OS 13_4 like Mac OS X) AppleWebKit/605.1.15 (KHTML, like Gecko) CriOS/83.0.4103.88 Mobile/15E148 Safari/604.1"
222.142.142.23 - - [06/Jun/2020:20:06:13 +0800] "GET /api/ HTTP/1.1" 200 3 "http://106.55.33.30:8000/" "Mozilla/5.0 (iPhone; CPU iPhone OS 13_4 like Mac OS X) AppleWebKit/605.1.15 (KHTML, like Gecko) CriOS/83.0.4103.88 Mobile/15E148 Safari/604.1"
127.0.0.1 - - [06/Jun/2020:20:06:16 +0800] "GET /api/getvideo/13 HTTP/1.0" 200 271 "http://106.55.33.30:8000/Player/13" "Mozilla/5.0 (iPhone; CPU iPhone OS 13_4 like Mac OS X) AppleWebKit/605.1.15 (KHTML, like Gecko) CriOS/83.0.4103.88 Mobile/15E148 Safari/604.1"
222.142.142.23 - - [06/Jun/2020:20:06:54 +0800] "GET /api/nodownloadvideolist HTTP/1.1" 200 3 "-" "python-requests/2.23.0"
222.142.142.23 - - [06/Jun/2020:20:08:05 +0800] "GET /api/nodownloadvideolist HTTP/1.1" 200 3 "-" "python-requests/2.23.0"
222.142.142.23 - - [06/Jun/2020:20:09:16 +0800] "GET /api/nodownloadvideolist HTTP/1.1" 200 3 "-" "python-requests/2.23.0"
127.0.0.1 - - [06/Jun/2020:20:09:30 +0800] "GET /api/videolist HTTP/1.0" 200 2656 "http://106.55.33.30:8000/" "Mozilla/5.0 (iPhone; CPU iPhone OS 13_4 like Mac OS X) AppleWebKit/605.1.15 (KHTML, like Gecko) CriOS/83.0.4103.88 Mobile/15E148 Safari/604.1"
222.142.142.23 - - [06/Jun/2020:20:09:30 +0800] "GET /api/ HTTP/1.1" 200 3 "http://106.55.33.30:8000/" "Mozilla/5.0 (iPhone; CPU iPhone OS 13_4 like Mac OS X) AppleWebKit/605.1.15 (KHTML, like Gecko) CriOS/83.0.4103.88 Mobile/15E148 Safari/604.1"
127.0.0.1 - - [06/Jun/2020:20:09:32 +0800] "GET /api/videolist HTTP/1.0" 200 2656 "http://106.55.33.30:8000/" "Mozilla/5.0 (iPhone; CPU iPhone OS 13_4 like Mac OS X) AppleWebKit/605.1.15 (KHTML, like Gecko) CriOS/83.0.4103.88 Mobile/15E148 Safari/604.1"
222.142.142.23 - - [06/Jun/2020:20:09:33 +0800] "GET /api/ HTTP/1.1" 200 3 "http://106.55.33.30:8000/" "Mozilla/5.0 (iPhone; CPU iPhone OS 13_4 like Mac OS X) AppleWebKit/605.1.15 (KHTML, like Gecko) CriOS/83.0.4103.88 Mobile/15E148 Safari/604.1"
127.0.0.1 - - [06/Jun/2020:20:09:34 +0800] "GET /api/videolist HTTP/1.0" 200 2656 "http://106.55.33.30:8000/" "Mozilla/5.0 (iPhone; CPU iPhone OS 13_4 like Mac OS X) AppleWebKit/605.1.15 (KHTML, like Gecko) CriOS/83.0.4103.88 Mobile/15E148 Safari/604.1"
222.142.142.23 - - [06/Jun/2020:20:09:34 +0800] "GET /api/ HTTP/1.1" 200 3 "http://106.55.33.30:8000/" "Mozilla/5.0 (iPhone; CPU iPhone OS 13_4 like Mac OS X) AppleWebKit/605.1.15 (KHTML, like Gecko) CriOS/83.0.4103.88 Mobile/15E148 Safari/604.1"
222.142.142.23 - - [06/Jun/2020:20:09:40 +0800] "GET /api/ HTTP/1.1" 200 3 "http://106.55.33.30:8000/" "Mozilla/5.0 (iPhone; CPU iPhone OS 13_4 like Mac OS X) AppleWebKit/605.1.15 (KHTML, like Gecko) CriOS/83.0.4103.88 Mobile/15E148 Safari/604.1"
127.0.0.1 - - [06/Jun/2020:20:09:44 +0800] "GET /api/videolist HTTP/1.0" 200 2656 "http://106.55.33.30:8000/" "Mozilla/5.0 (iPhone; CPU iPhone OS 13_4 like Mac OS X) AppleWebKit/605.1.15 (KHTML, like Gecko) CriOS/83.0.4103.88 Mobile/15E148 Safari/604.1"
222.142.142.23 - - [06/Jun/2020:20:09:44 +0800] "GET /api/ HTTP/1.1" 200 3 "http://106.55.33.30:8000/" "Mozilla/5.0 (iPhone; CPU iPhone OS 13_4 like Mac OS X) AppleWebKit/605.1.15 (KHTML, like Gecko) CriOS/83.0.4103.88 Mobile/15E148 Safari/604.1"
127.0.0.1 - - [06/Jun/2020:20:09:51 +0800] "GET /api/videolist HTTP/1.0" 200 2656 "http://106.55.33.30:8000/" "Mozilla/5.0 (iPhone; CPU iPhone OS 13_4 like Mac OS X) AppleWebKit/605.1.15 (KHTML, like Gecko) CriOS/83.0.4103.88 Mobile/15E148 Safari/604.1"
222.142.142.23 - - [06/Jun/2020:20:09:52 +0800] "GET /api/ HTTP/1.1" 200 3 "http://106.55.33.30:8000/" "Mozilla/5.0 (iPhone; CPU iPhone OS 13_4 like Mac OS X) AppleWebKit/605.1.15 (KHTML, like Gecko) CriOS/83.0.4103.88 Mobile/15E148 Safari/604.1"
222.142.142.23 - - [06/Jun/2020:20:10:25 +0800] "GET /api/nodownloadvideolist HTTP/1.1" 200 3 "-" "python-requests/2.23.0"
222.142.142.23 - - [06/Jun/2020:20:11:35 +0800] "GET /api/nodownloadvideolist HTTP/1.1" 200 3 "-" "python-requests/2.23.0"
222.142.142.23 - - [06/Jun/2020:20:12:46 +0800] "GET /api/nodownloadvideolist HTTP/1.1" 200 3 "-" "python-requests/2.23.0"
127.0.0.1 - - [06/Jun/2020:20:13:48 +0800] "GET /api/videolist HTTP/1.0" 200 2656 "http://106.55.33.30:8000/" "Mozilla/5.0 (iPhone; CPU iPhone OS 13_4 like Mac OS X) AppleWebKit/605.1.15 (KHTML, like Gecko) CriOS/83.0.4103.88 Mobile/15E148 Safari/604.1"
127.0.0.1 - - [06/Jun/2020:20:13:51 +0800] "GET /api/videolist HTTP/1.0" 200 2656 "http://106.55.33.30:8000/" "Mozilla/5.0 (iPhone; CPU iPhone OS 13_4 like Mac OS X) AppleWebKit/605.1.15 (KHTML, like Gecko) CriOS/83.0.4103.88 Mobile/15E148 Safari/604.1"
222.142.142.23 - - [06/Jun/2020:20:13:51 +0800] "GET /api/ HTTP/1.1" 200 3 "http://106.55.33.30:8000/" "Mozilla/5.0 (iPhone; CPU iPhone OS 13_4 like Mac OS X) AppleWebKit/605.1.15 (KHTML, like Gecko) CriOS/83.0.4103.88 Mobile/15E148 Safari/604.1"
127.0.0.1 - - [06/Jun/2020:20:13:52 +0800] "GET /api/videolist HTTP/1.0" 200 2656 "http://106.55.33.30:8000/" "Mozilla/5.0 (iPhone; CPU iPhone OS 13_4 like Mac OS X) AppleWebKit/605.1.15 (KHTML, like Gecko) CriOS/83.0.4103.88 Mobile/15E148 Safari/604.1"
222.142.142.23 - - [06/Jun/2020:20:13:52 +0800] "GET /api/ HTTP/1.1" 200 3 "http://106.55.33.30:8000/" "Mozilla/5.0 (iPhone; CPU iPhone OS 13_4 like Mac OS X) AppleWebKit/605.1.15 (KHTML, like Gecko) CriOS/83.0.4103.88 Mobile/15E148 Safari/604.1"
222.142.142.23 - - [06/Jun/2020:20:13:54 +0800] "GET /api/nodownloadvideolist HTTP/1.1" 200 3 "-" "python-requests/2.23.0"
222.142.142.23 - - [06/Jun/2020:20:15:05 +0800] "GET /api/nodownloadvideolist HTTP/1.1" 200 3 "-" "python-requests/2.23.0"
222.142.142.23 - - [06/Jun/2020:20:16:16 +0800] "GET /api/nodownloadvideolist HTTP/1.1" 200 3 "-" "python-requests/2.23.0"
222.142.142.23 - - [06/Jun/2020:20:17:26 +0800] "GET /api/nodownloadvideolist HTTP/1.1" 200 3 "-" "python-requests/2.23.0"
222.142.142.23 - - [06/Jun/2020:20:18:36 +0800] "GET /api/nodownloadvideolist HTTP/1.1" 200 3 "-" "python-requests/2.23.0"
222.142.142.23 - - [06/Jun/2020:20:19:47 +0800] "GET /api/nodownloadvideolist HTTP/1.1" 200 3 "-" "python-requests/2.23.0"
222.142.142.23 - - [06/Jun/2020:20:20:56 +0800] "GET /api/nodownloadvideolist HTTP/1.1" 200 3 "-" "python-requests/2.23.0"
222.142.142.23 - - [06/Jun/2020:20:22:06 +0800] "GET /api/nodownloadvideolist HTTP/1.1" 200 3 "-" "python-requests/2.23.0"
222.142.142.23 - - [06/Jun/2020:20:23:17 +0800] "GET /api/nodownloadvideolist HTTP/1.1" 200 3 "-" "python-requests/2.23.0"
222.142.142.23 - - [06/Jun/2020:20:24:27 +0800] "GET /api/nodownloadvideolist HTTP/1.1" 200 3 "-" "python-requests/2.23.0"
222.142.142.23 - - [06/Jun/2020:20:25:41 +0800] "GET /api/nodownloadvideolist HTTP/1.1" 200 3 "-" "python-requests/2.23.0"
222.142.142.23 - - [06/Jun/2020:20:26:53 +0800] "GET /api/nodownloadvideolist HTTP/1.1" 200 3 "-" "python-requests/2.23.0"
222.142.142.23 - - [06/Jun/2020:20:28:14 +0800] "GET /api/nodownloadvideolist HTTP/1.1" 200 3 "-" "python-requests/2.23.0"
222.142.142.23 - - [06/Jun/2020:20:29:21 +0800] "GET /api/nodownloadvideolist HTTP/1.1" 200 3 "-" "python-requests/2.23.0"
222.142.142.23 - - [06/Jun/2020:20:30:32 +0800] "GET /api/nodownloadvideolist HTTP/1.1" 200 3 "-" "python-requests/2.23.0"
222.142.142.23 - - [06/Jun/2020:20:31:54 +0800] "GET /api/nodownloadvideolist HTTP/1.1" 200 3 "-" "python-requests/2.23.0"
222.142.142.23 - - [06/Jun/2020:20:38:11 +0800] "GET /api/ HTTP/1.1" 200 3 "http://106.55.33.30:8000/" "Mozilla/5.0 (iPad; CPU OS 13_4 like Mac OS X) AppleWebKit/605.1.15 (KHTML, like Gecko) CriOS/83.0.4103.88 Mobile/15E148 Safari/604.1"
127.0.0.1 - - [06/Jun/2020:20:38:11 +0800] "GET /api/videolist HTTP/1.0" 200 2656 "http://106.55.33.30:8000/" "Mozilla/5.0 (iPad; CPU OS 13_4 like Mac OS X) AppleWebKit/605.1.15 (KHTML, like Gecko) CriOS/83.0.4103.88 Mobile/15E148 Safari/604.1"
127.0.0.1 - - [06/Jun/2020:20:38:15 +0800] "GET /api/getvideo/16 HTTP/1.0" 200 217 "http://106.55.33.30:8000/Player/16" "Mozilla/5.0 (iPad; CPU OS 13_4 like Mac OS X) AppleWebKit/605.1.15 (KHTML, like Gecko) CriOS/83.0.4103.88 Mobile/15E148 Safari/604.1"
222.142.142.23 - - [06/Jun/2020:20:39:06 +0800] "GET /api/ HTTP/1.1" 200 3 "http://106.55.33.30:8000/" "Mozilla/5.0 (Macintosh; Intel Mac OS X 10_15_4) AppleWebKit/605.1.15 (KHTML, like Gecko) Version/13.1 Mobile/15E148 Safari/604.1"
222.142.142.23 - - [06/Jun/2020:20:39:06 +0800] "GET /api/videolist HTTP/1.1" 200 2656 "http://106.55.33.30:8000/" "Mozilla/5.0 (Macintosh; Intel Mac OS X 10_15_4) AppleWebKit/605.1.15 (KHTML, like Gecko) Version/13.1 Mobile/15E148 Safari/604.1"
222.142.142.23 - - [06/Jun/2020:20:39:10 +0800] "GET /api/ HTTP/1.1" 200 3 "http://106.55.33.30:8000/" "Mozilla/5.0 (Macintosh; Intel Mac OS X 10_15_4) AppleWebKit/605.1.15 (KHTML, like Gecko) Version/13.1 Safari/605.1.15"
127.0.0.1 - - [06/Jun/2020:20:39:10 +0800] "GET /api/videolist HTTP/1.0" 200 2656 "http://106.55.33.30:8000/" "Mozilla/5.0 (Macintosh; Intel Mac OS X 10_15_4) AppleWebKit/605.1.15 (KHTML, like Gecko) Version/13.1 Safari/605.1.15"
127.0.0.1 - - [06/Jun/2020:20:39:22 +0800] "GET /api/getvideo/15 HTTP/1.0" 200 288 "http://106.55.33.30:8000/Player/15" "Mozilla/5.0 (Macintosh; Intel Mac OS X 10_15_4) AppleWebKit/605.1.15 (KHTML, like Gecko) Version/13.1 Safari/605.1.15"
127.0.0.1 - - [06/Jun/2020:20:39:24 +0800] "GET /api/videolist HTTP/1.0" 200 2656 "http://106.55.33.30:8000/" "Mozilla/5.0 (Macintosh; Intel Mac OS X 10_15_4) AppleWebKit/605.1.15 (KHTML, like Gecko) Version/13.1 Safari/605.1.15"
222.142.142.23 - - [06/Jun/2020:20:39:24 +0800] "GET /api/ HTTP/1.1" 200 3 "http://106.55.33.30:8000/" "Mozilla/5.0 (Macintosh; Intel Mac OS X 10_15_4) AppleWebKit/605.1.15 (KHTML, like Gecko) Version/13.1 Safari/605.1.15"
127.0.0.1 - - [06/Jun/2020:20:39:25 +0800] "GET /api/getvideo/14 HTTP/1.0" 200 265 "http://106.55.33.30:8000/Player/14" "Mozilla/5.0 (Macintosh; Intel Mac OS X 10_15_4) AppleWebKit/605.1.15 (KHTML, like Gecko) Version/13.1 Safari/605.1.15"
222.142.142.23 - - [06/Jun/2020:20:39:56 +0800] "GET /api/ HTTP/1.1" 200 3 "http://106.55.33.30:8000/" "Mozilla/5.0 (Macintosh; Intel Mac OS X 10_15_4) AppleWebKit/605.1.15 (KHTML, like Gecko) Version/13.1 Safari/605.1.15"
127.0.0.1 - - [06/Jun/2020:20:39:56 +0800] "GET /api/videolist HTTP/1.0" 200 2656 "http://106.55.33.30:8000/" "Mozilla/5.0 (Macintosh; Intel Mac OS X 10_15_4) AppleWebKit/605.1.15 (KHTML, like Gecko) Version/13.1 Safari/605.1.15"
127.0.0.1 - - [06/Jun/2020:21:15:39 +0800] "GET /api/getvideo/16 HTTP/1.0" 200 217 "http://106.55.33.30:8000/Player/16" "Mozilla/5.0 (Macintosh; Intel Mac OS X 10_15_4) AppleWebKit/605.1.15 (KHTML, like Gecko) Version/13.1 Safari/605.1.15"
127.0.0.1 - - [06/Jun/2020:21:27:28 +0800] "GET /api/videolist HTTP/1.0" 200 2656 "http://106.55.33.30:8000/?nsukey=zTeDIQRf4lKnvnfA2QRlo9FN2hbfDBpcP7lZMN6CQnk5GZ65EbbpIMcRfKS%2BsePcoFikD0c7y3JG1xnQl6CFwFhaYXxqs5%2F7O6jyosCq0SH0duJKf5cm8igHmMhEO5gJdHe3oLkKgyQ1KEbobAPv45wQ8iqaPtQZced5dbjZMmrHnLPa3s%2BWc3Uj0rgsG4YLW27YQlDivYVQw8M73Fi4qg%3D%3D" "Mozilla/5.0 (Linux; Android 7.0; HUAWEI MLA-AL10 Build/HUAWEIMLA-AL10; wv) AppleWebKit/537.36 (KHTML, like Gecko) Version/4.0 Chrome/77.0.3865.120 MQQBrowser/6.2 TBS/045224 Mobile Safari/537.36 MMWEBID/3321 MicroMessenger/7.0.15.1680(0x27000F3A) Process/tools WeChat/arm32 NetType/4G Language/zh_CN ABI/arm64"
106.34.107.169 - - [06/Jun/2020:21:27:28 +0800] "GET /api/ HTTP/1.1" 200 3 "http://106.55.33.30:8000/?nsukey=zTeDIQRf4lKnvnfA2QRlo9FN2hbfDBpcP7lZMN6CQnk5GZ65EbbpIMcRfKS%2BsePcoFikD0c7y3JG1xnQl6CFwFhaYXxqs5%2F7O6jyosCq0SH0duJKf5cm8igHmMhEO5gJdHe3oLkKgyQ1KEbobAPv45wQ8iqaPtQZced5dbjZMmrHnLPa3s%2BWc3Uj0rgsG4YLW27YQlDivYVQw8M73Fi4qg%3D%3D" "Mozilla/5.0 (Linux; Android 7.0; HUAWEI MLA-AL10 Build/HUAWEIMLA-AL10; wv) AppleWebKit/537.36 (KHTML, like Gecko) Version/4.0 Chrome/77.0.3865.120 MQQBrowser/6.2 TBS/045224 Mobile Safari/537.36 MMWEBID/3321 MicroMessenger/7.0.15.1680(0x27000F3A) Process/tools WeChat/arm32 NetType/4G Language/zh_CN ABI/arm64"
222.142.142.23 - - [06/Jun/2020:21:27:39 +0800] "GET /api/ HTTP/1.1" 200 3 "http://106.55.33.30:8000/" "Mozilla/5.0 (Macintosh; Intel Mac OS X 10_15_4) AppleWebKit/605.1.15 (KHTML, like Gecko) Version/13.1 Safari/605.1.15"
127.0.0.1 - - [06/Jun/2020:21:27:39 +0800] "GET /api/videolist HTTP/1.0" 200 2656 "http://106.55.33.30:8000/" "Mozilla/5.0 (Macintosh; Intel Mac OS X 10_15_4) AppleWebKit/605.1.15 (KHTML, like Gecko) Version/13.1 Safari/605.1.15"
127.0.0.1 - - [06/Jun/2020:21:27:41 +0800] "GET /api/getvideo/14 HTTP/1.0" 200 265 "http://106.55.33.30:8000/Player/14" "Mozilla/5.0 (Macintosh; Intel Mac OS X 10_15_4) AppleWebKit/605.1.15 (KHTML, like Gecko) Version/13.1 Safari/605.1.15"
127.0.0.1 - - [06/Jun/2020:21:38:21 +0800] "GET /api/getvideo/14 HTTP/1.0" 200 265 "http://106.55.33.30:8000/Player/14" "Mozilla/5.0 (Macintosh; Intel Mac OS X 10_15_4) AppleWebKit/605.1.15 (KHTML, like Gecko) Version/13.1 Safari/605.1.15"
127.0.0.1 - - [06/Jun/2020:21:41:52 +0800] "GET /api/videolist HTTP/1.0" 200 2656 "http://106.55.33.30:8000/?nsukey=A0Lrh0qwwrqLmoXXbXVuwwsgEvulhwlg10qFBZLJHKPNLw3cIMyIk9cQFAUc6HPhG2ELfYw7lBcsDdi9SZh5xUp8KWhNMLg44%2F2%2BrbOaZSTzI2VuV3CBb3iNE18PBvxCQtrFkaqEQ%2Fu1sUrS1rkaWF%2BtVMijqQGvqWOqaWFo3WjY5ry%2Fe8pDx5S12087hYwWbGQu6rsUXZypMS0zywtDfw%3D%3D" "Mozilla/5.0 (Linux; Android 8.0.0; SM-G9350 Build/R16NW; wv) AppleWebKit/537.36 (KHTML, like Gecko) Version/4.0 Chrome/77.0.3865.120 MQQBrowser/6.2 TBS/045225 Mobile Safari/537.36 MMWEBID/7147 MicroMessenger/7.0.12.1620(0x27000C51) Process/tools NetType/WIFI Language/zh_CN ABI/arm64"
123.11.36.9 - - [06/Jun/2020:21:41:52 +0800] "GET /api/ HTTP/1.1" 200 3 "http://106.55.33.30:8000/?nsukey=A0Lrh0qwwrqLmoXXbXVuwwsgEvulhwlg10qFBZLJHKPNLw3cIMyIk9cQFAUc6HPhG2ELfYw7lBcsDdi9SZh5xUp8KWhNMLg44%2F2%2BrbOaZSTzI2VuV3CBb3iNE18PBvxCQtrFkaqEQ%2Fu1sUrS1rkaWF%2BtVMijqQGvqWOqaWFo3WjY5ry%2Fe8pDx5S12087hYwWbGQu6rsUXZypMS0zywtDfw%3D%3D" "Mozilla/5.0 (Linux; Android 8.0.0; SM-G9350 Build/R16NW; wv) AppleWebKit/537.36 (KHTML, like Gecko) Version/4.0 Chrome/77.0.3865.120 MQQBrowser/6.2 TBS/045225 Mobile Safari/537.36 MMWEBID/7147 MicroMessenger/7.0.12.1620(0x27000C51) Process/tools NetType/WIFI Language/zh_CN ABI/arm64"
127.0.0.1 - - [06/Jun/2020:21:42:06 +0800] "GET /api/getvideo/16 HTTP/1.0" 200 217 "http://106.55.33.30:8000/Player/16" "Mozilla/5.0 (Linux; Android 8.0.0; SM-G9350 Build/R16NW; wv) AppleWebKit/537.36 (KHTML, like Gecko) Version/4.0 Chrome/77.0.3865.120 MQQBrowser/6.2 TBS/045225 Mobile Safari/537.36 MMWEBID/7147 MicroMessenger/7.0.12.1620(0x27000C51) Process/tools NetType/WIFI Language/zh_CN ABI/arm64"
127.0.0.1 - - [06/Jun/2020:21:42:09 +0800] "GET /api/getvideo/16 HTTP/1.0" 200 217 "http://106.55.33.30:8000/Player/16?nsukey=oBpltBJOxuPATPNSPKTWQD7mafOkyRsQzpm1sTmR5pEcZ5tEuXeteg8T7gtdQGkeWHo5x40zGdN6y7oSB9fbUhyVnaJECMB7hkULi%2Fvosmx9gXjO9JI61%2B1NuIki6vUMP0IrD0xJQY7cHRsIHqaTd63gY%2F3LSOywMDA3hqYtdMAT1riRVXGCfkXPcTPkBW7Q5LWzmJhN%2FElGljynrcy%2Btg%3D%3D" "Mozilla/5.0 (Linux; Android 8.0.0; SM-G9350 Build/R16NW; wv) AppleWebKit/537.36 (KHTML, like Gecko) Version/4.0 Chrome/77.0.3865.120 MQQBrowser/6.2 TBS/045225 Mobile Safari/537.36 MMWEBID/7147 MicroMessenger/7.0.12.1620(0x27000C51) Process/tools NetType/WIFI Language/zh_CN ABI/arm64"
127.0.0.1 - - [06/Jun/2020:21:43:23 +0800] "GET /api/videolist HTTP/1.0" 200 2656 "http://106.55.33.30:8000/?nsukey=w7iT6J3rkNZnPkn48WqiG6wYheru37EugWTx2VuJSPP%2BHaIfMAzsrUINuJGj8e6sBHwxHodzi5zsdoId%2Bq8J7xpdp3XzxJt4giQhvAesrGxxb3quLPoehP%2B03wsNLW7Tse7Tk%2FXEW9Z2XqvbRQR61xNYXK0yDxiyEpqnWQGBMlWKc2wR0jLvFwCOWAAYuikuPFa2Gc0OJyC52i8JdvL59g%3D%3D" "Mozilla/5.0 (Linux; Android 8.0.0; SM-G9350 Build/R16NW; wv) AppleWebKit/537.36 (KHTML, like Gecko) Version/4.0 Chrome/77.0.3865.120 MQQBrowser/6.2 TBS/045225 Mobile Safari/537.36 MMWEBID/7147 MicroMessenger/7.0.12.1620(0x27000C51) Process/tools NetType/WIFI Language/zh_CN ABI/arm64"
123.11.36.9 - - [06/Jun/2020:21:43:23 +0800] "GET /api/ HTTP/1.1" 200 3 "http://106.55.33.30:8000/?nsukey=w7iT6J3rkNZnPkn48WqiG6wYheru37EugWTx2VuJSPP%2BHaIfMAzsrUINuJGj8e6sBHwxHodzi5zsdoId%2Bq8J7xpdp3XzxJt4giQhvAesrGxxb3quLPoehP%2B03wsNLW7Tse7Tk%2FXEW9Z2XqvbRQR61xNYXK0yDxiyEpqnWQGBMlWKc2wR0jLvFwCOWAAYuikuPFa2Gc0OJyC52i8JdvL59g%3D%3D" "Mozilla/5.0 (Linux; Android 8.0.0; SM-G9350 Build/R16NW; wv) AppleWebKit/537.36 (KHTML, like Gecko) Version/4.0 Chrome/77.0.3865.120 MQQBrowser/6.2 TBS/045225 Mobile Safari/537.36 MMWEBID/7147 MicroMessenger/7.0.12.1620(0x27000C51) Process/tools NetType/WIFI Language/zh_CN ABI/arm64"
127.0.0.1 - - [06/Jun/2020:21:43:39 +0800] "GET /api/getvideo/15 HTTP/1.0" 200 288 "http://106.55.33.30:8000/Player/15" "Mozilla/5.0 (Linux; Android 8.0.0; SM-G9350 Build/R16NW; wv) AppleWebKit/537.36 (KHTML, like Gecko) Version/4.0 Chrome/77.0.3865.120 MQQBrowser/6.2 TBS/045225 Mobile Safari/537.36 MMWEBID/7147 MicroMessenger/7.0.12.1620(0x27000C51) Process/tools NetType/WIFI Language/zh_CN ABI/arm64"
127.0.0.1 - - [06/Jun/2020:21:43:42 +0800] "GET /api/getvideo/15 HTTP/1.0" 200 288 "http://106.55.33.30:8000/Player/15?nsukey=cnbxBkSJXZVAXcI02rxYDZx5jlchSh7KY7L1X2wadX9t5X%2FT2qKPKTgZ8UEbg6nnSuckbAE%2F8xYGYNvpDHSwTUEAUCGJBLJuIN0CJkab3fnuu2F05yjoxyVnKA4h06xv3DuCD6jeU5GWJ0O7YfjpP%2BYM%2B79R6D8NccImobMlb7%2BL9EaKn%2Fh8vzBm1RNWCSpqBKdA8yPkT5o4ySSHng5FRg%3D%3D" "Mozilla/5.0 (Linux; Android 8.0.0; SM-G9350 Build/R16NW; wv) AppleWebKit/537.36 (KHTML, like Gecko) Version/4.0 Chrome/77.0.3865.120 MQQBrowser/6.2 TBS/045225 Mobile Safari/537.36 MMWEBID/7147 MicroMessenger/7.0.12.1620(0x27000C51) Process/tools NetType/WIFI Language/zh_CN ABI/arm64"
222.142.142.23 - - [06/Jun/2020:21:48:26 +0800] "GET /api/ HTTP/1.1" 200 3 "http://106.55.33.30:8000/" "Mozilla/5.0 (Macintosh; Intel Mac OS X 10_15_4) AppleWebKit/605.1.15 (KHTML, like Gecko) Version/13.1 Safari/605.1.15"
127.0.0.1 - - [06/Jun/2020:21:48:26 +0800] "GET /api/videolist HTTP/1.0" 200 2656 "http://106.55.33.30:8000/" "Mozilla/5.0 (Macintosh; Intel Mac OS X 10_15_4) AppleWebKit/605.1.15 (KHTML, like Gecko) Version/13.1 Safari/605.1.15"
127.0.0.1 - - [06/Jun/2020:21:57:36 +0800] "GET /api/getvideo/14 HTTP/1.0" 200 265 "http://106.55.33.30:8000/Player/14?nsukey=S0ihMPuehTthQk1HP5j%2BXaqhLapGPrOwDgm1e4J3e7WjhQGE0Z3xwA8FHuOx124FPYr%2FcOftpIi9cSpu6xtEMVFya1zAYlUOh%2B2gpCVK9Oenk7SN%2FhJqxXMHHlQT3QJ2pKLkUEptfTQgvLQfyq%2F6sevVbqBrm%2F52RB%2FYJIoVbvQR47kdpH1Ifk3CfJ0s6t5P3%2F69enf9fYXy04BJ7P977g%3D%3D" "Mozilla/5.0 (Linux; Android 7.1.1; OPPO R11 Build/NMF26X; wv) AppleWebKit/537.36 (KHTML, like Gecko) Version/4.0 Chrome/77.0.3865.120 MQQBrowser/6.2 TBS/045222 Mobile Safari/537.36 MMWEBID/1446 MicroMessenger/7.0.15.1680(0x27000F3A) Process/tools WeChat/arm32 NetType/WIFI Language/zh_CN ABI/arm64"
127.0.0.1 - - [06/Jun/2020:21:58:39 +0800] "GET /api/videolist HTTP/1.0" 200 2656 "http://106.55.33.30:8000/?nsukey=siQsixGNkHY74YYTSZazc6YaghzFh6iK35%2BZ%2BZqooOtrv2O0dppMGz%2F5FEmImb9PC9m5qN1al7FEJFXOSxXcH3Rby83zBV6CfeXO%2Bmm8K7ZrXeSF0kepb6GUBfUXeLJFQvMeQIeAcICGY3FR9tFMT6H4dWtyMcDfsJeF2mkc2zK4X%2Bi3rNdldwyOfuEAt0RM0VqDaNYASvgxXj3DWL940w%3D%3D" "Mozilla/5.0 (Linux; Android 7.1.1; OPPO R11 Build/NMF26X; wv) AppleWebKit/537.36 (KHTML, like Gecko) Version/4.0 Chrome/77.0.3865.120 MQQBrowser/6.2 TBS/045222 Mobile Safari/537.36 MMWEBID/1446 MicroMessenger/7.0.15.1680(0x27000F3A) Process/tools WeChat/arm32 NetType/WIFI Language/zh_CN ABI/arm64"
36.161.82.216 - - [06/Jun/2020:21:58:39 +0800] "GET /api/ HTTP/1.1" 200 3 "http://106.55.33.30:8000/?nsukey=siQsixGNkHY74YYTSZazc6YaghzFh6iK35%2BZ%2BZqooOtrv2O0dppMGz%2F5FEmImb9PC9m5qN1al7FEJFXOSxXcH3Rby83zBV6CfeXO%2Bmm8K7ZrXeSF0kepb6GUBfUXeLJFQvMeQIeAcICGY3FR9tFMT6H4dWtyMcDfsJeF2mkc2zK4X%2Bi3rNdldwyOfuEAt0RM0VqDaNYASvgxXj3DWL940w%3D%3D" "Mozilla/5.0 (Linux; Android 7.1.1; OPPO R11 Build/NMF26X; wv) AppleWebKit/537.36 (KHTML, like Gecko) Version/4.0 Chrome/77.0.3865.120 MQQBrowser/6.2 TBS/045222 Mobile Safari/537.36 MMWEBID/1446 MicroMessenger/7.0.15.1680(0x27000F3A) Process/tools WeChat/arm32 NetType/WIFI Language/zh_CN ABI/arm64"
127.0.0.1 - - [06/Jun/2020:22:17:24 +0800] "GET /api/getvideo/14 HTTP/1.0" 200 265 "http://106.55.33.30:8000/Player/14?nsukey=KB71chC8s9sQVPRCt374XsZFe37zogKA3thNnB1WgPLoSzje5aA7VKIJaFcPAraYzjfF7XQDHHSwTOeUJyQFFZFqpUvST7abA0F4%2BATVRDtwCEVmwe0Jsq1LaINM%2FGE0UdSlJvgSFXW2jwx98amYmrg6zo%2F00MybeQBXeV6cbO5tsKg1khjiAT3oCzQcmq3LtA15ysVy7n7z01SxXUkjgg%3D%3D" "Mozilla/5.0 (Linux; Android 10; PCRM00 Build/QKQ1.200216.002; wv) AppleWebKit/537.36 (KHTML, like Gecko) Version/4.0 Chrome/78.0.3904.62 XWEB/2353 MMWEBSDK/200502 Mobile Safari/537.36 MMWEBID/1797 MicroMessenger/7.0.15.1680(0x27000F3B) Process/toolsmp WeChat/arm64 NetType/4G Language/zh_CN ABI/arm64"
127.0.0.1 - - [06/Jun/2020:22:54:44 +0800] "GET /api/videolist HTTP/1.0" 200 2656 "http://106.55.33.30:8000/" "Mozilla/5.0 (Macintosh; Intel Mac OS X 10_15_4) AppleWebKit/605.1.15 (KHTML, like Gecko) Version/13.1 Safari/605.1.15"
222.142.142.23 - - [06/Jun/2020:22:54:44 +0800] "GET /api/ HTTP/1.1" 200 3 "http://106.55.33.30:8000/" "Mozilla/5.0 (Macintosh; Intel Mac OS X 10_15_4) AppleWebKit/605.1.15 (KHTML, like Gecko) Version/13.1 Safari/605.1.15"
127.0.0.1 - - [06/Jun/2020:22:54:46 +0800] "GET /api/getvideo/15 HTTP/1.0" 200 288 "http://106.55.33.30:8000/Player/15" "Mozilla/5.0 (Macintosh; Intel Mac OS X 10_15_4) AppleWebKit/605.1.15 (KHTML, like Gecko) Version/13.1 Safari/605.1.15"
127.0.0.1 - - [06/Jun/2020:22:55:45 +0800] "GET /api/getvideo/14 HTTP/1.0" 200 265 "http://106.55.33.30:8000/Player/14?nsukey=vfF4YDGBFi9GWufRd7NtGlo1VRIgKEIVft3YPkdQCJp6GEJLRUXPeOmi%2B3UCWl8ZBE1Bymf2HDErpy%2F1Z44Vzwpy80tkf3T9LIrNo9c37qzrn4WJ3Fxp%2F00utm7rJwL906syzWZIo%2BVBmWNz8mZvBGwm%2B2d9xSDNNZIGTtVh9TtlXykLS9fmdF58%2BktgONw25yTPkki%2Bcj3l%2BJM5yAWgfA%3D%3D" "Mozilla/5.0 (Linux; Android 10; PCRM00 Build/QKQ1.200216.002; wv) AppleWebKit/537.36 (KHTML, like Gecko) Version/4.0 Chrome/78.0.3904.62 XWEB/2353 MMWEBSDK/200502 Mobile Safari/537.36 MMWEBID/1797 MicroMessenger/7.0.15.1680(0x27000F3B) Process/toolsmp WeChat/arm64 NetType/WIFI Language/zh_CN ABI/arm64"
127.0.0.1 - - [06/Jun/2020:23:08:04 +0800] "GET /api/videolist HTTP/1.0" 200 2656 "http://106.55.33.30:8000/?nsukey=5Jo1od0p5lt%2BJkB1g3YG6OwVKnyevWOya6XsILVRl5jp2rlx14W3J7ORKV6JNU5sJ09tzhMF%2Fy8iqqzDHxkcoMtLdvKZRGvubXMJ26TGT1QEyc4f4Oyn7ZPGkJmUXbg%2BVUcvhAuZxgUAXQZO7YKmYcgCqUHIDK5T2JwB55kSF9eynSv6178r6hYCIBeONrNPTTmrvawtTxhN3AYLNgW1Vw%3D%3D" "Mozilla/5.0 (Linux; Android 7.0; HUAWEI MLA-AL10 Build/HUAWEIMLA-AL10; wv) AppleWebKit/537.36 (KHTML, like Gecko) Version/4.0 Chrome/77.0.3865.120 MQQBrowser/6.2 TBS/045224 Mobile Safari/537.36 MMWEBID/3321 MicroMessenger/7.0.15.1680(0x27000F3A) Process/tools WeChat/arm32 NetType/WIFI Language/zh_CN ABI/arm64"
123.161.114.200 - - [06/Jun/2020:23:08:04 +0800] "GET /api/ HTTP/1.1" 200 3 "http://106.55.33.30:8000/?nsukey=5Jo1od0p5lt%2BJkB1g3YG6OwVKnyevWOya6XsILVRl5jp2rlx14W3J7ORKV6JNU5sJ09tzhMF%2Fy8iqqzDHxkcoMtLdvKZRGvubXMJ26TGT1QEyc4f4Oyn7ZPGkJmUXbg%2BVUcvhAuZxgUAXQZO7YKmYcgCqUHIDK5T2JwB55kSF9eynSv6178r6hYCIBeONrNPTTmrvawtTxhN3AYLNgW1Vw%3D%3D" "Mozilla/5.0 (Linux; Android 7.0; HUAWEI MLA-AL10 Build/HUAWEIMLA-AL10; wv) AppleWebKit/537.36 (KHTML, like Gecko) Version/4.0 Chrome/77.0.3865.120 MQQBrowser/6.2 TBS/045224 Mobile Safari/537.36 MMWEBID/3321 MicroMessenger/7.0.15.1680(0x27000F3A) Process/tools WeChat/arm32 NetType/WIFI Language/zh_CN ABI/arm64"
127.0.0.1 - - [06/Jun/2020:23:08:19 +0800] "GET /api/getvideo/16 HTTP/1.0" 200 217 "http://106.55.33.30:8000/Player/16" "Mozilla/5.0 (Linux; Android 7.0; HUAWEI MLA-AL10 Build/HUAWEIMLA-AL10; wv) AppleWebKit/537.36 (KHTML, like Gecko) Version/4.0 Chrome/77.0.3865.120 MQQBrowser/6.2 TBS/045224 Mobile Safari/537.36 MMWEBID/3321 MicroMessenger/7.0.15.1680(0x27000F3A) Process/tools WeChat/arm32 NetType/WIFI Language/zh_CN ABI/arm64"
127.0.0.1 - - [06/Jun/2020:23:08:23 +0800] "GET /api/getvideo/16 HTTP/1.0" 200 217 "http://106.55.33.30:8000/Player/16?nsukey=QAkm5T%2F427RsX34zjqPNsHYm0NgyMTyJ%2BV24reVDkFPee6ENsU01YAt2nhqTmLDgHer%2B4K%2B3SJyUbKm6xa0xLFt5m6STv35zge19%2FcVA6CQ6%2BpnSzrt9rNf48a%2FujzHChBUobW47JPG%2Bu3dkl7Mq0AVWXZw5Q2AyQnN%2BrIvq8p49F2acO%2BuRZVFTn4qfWN6t" "Mozilla/5.0 (Linux; Android 7.0; HUAWEI MLA-AL10 Build/HUAWEIMLA-AL10; wv) AppleWebKit/537.36 (KHTML, like Gecko) Version/4.0 Chrome/77.0.3865.120 MQQBrowser/6.2 TBS/045224 Mobile Safari/537.36 MMWEBID/3321 MicroMessenger/7.0.15.1680(0x27000F3A) Process/tools WeChat/arm32 NetType/WIFI Language/zh_CN ABI/arm64"
222.142.142.23 - - [06/Jun/2020:23:10:19 +0800] "GET /api/ HTTP/1.1" 200 3 "http://106.55.33.30:8000/" "Mozilla/5.0 (iPhone; CPU iPhone OS 13_4_1 like Mac OS X) AppleWebKit/605.1.15 (KHTML, like Gecko) Version/13.1 Mobile/15E148 Safari/604.1"
222.142.142.23 - - [06/Jun/2020:23:10:19 +0800] "GET /api/videolist HTTP/1.1" 200 2656 "http://106.55.33.30:8000/" "Mozilla/5.0 (iPhone; CPU iPhone OS 13_4_1 like Mac OS X) AppleWebKit/605.1.15 (KHTML, like Gecko) Version/13.1 Mobile/15E148 Safari/604.1"
127.0.0.1 - - [06/Jun/2020:23:10:24 +0800] "GET /api/videolist HTTP/1.0" 200 2656 "http://106.55.33.30:8000/" "Mozilla/5.0 (iPhone; CPU iPhone OS 13_4_1 like Mac OS X) AppleWebKit/605.1.15 (KHTML, like Gecko) Version/13.1 Mobile/15E148 Safari/604.1"
222.142.142.23 - - [06/Jun/2020:23:10:24 +0800] "GET /api/ HTTP/1.1" 200 3 "http://106.55.33.30:8000/" "Mozilla/5.0 (iPhone; CPU iPhone OS 13_4_1 like Mac OS X) AppleWebKit/605.1.15 (KHTML, like Gecko) Version/13.1 Mobile/15E148 Safari/604.1"
127.0.0.1 - - [06/Jun/2020:23:19:58 +0800] "GET /api/videolist HTTP/1.0" 200 2656 "http://106.55.33.30:8000/?nsukey=nCUdFk0V3GW74L%2F4T9M6oVIdY5y%2Fz3ascZwFchBLzqplrbVVylvkLLu7B6hh8vVJRPYAtJs8e020IU8zEXHRNQdZYV34lhQnyeAFk9gbx3LfhiaguHTpDXiWnzMCMrjDs8LCR63UX0cJ1kyawoNHY32YxlaRhDlFrvYgMI4i3jYYLnnDQEm2r2dcIiW74rGtXmdPn%2F89aG8l2YBCv0CDXQ%3D%3D" "Mozilla/5.0 (Linux; Android 7.0; HUAWEI MLA-AL10 Build/HUAWEIMLA-AL10; wv) AppleWebKit/537.36 (KHTML, like Gecko) Version/4.0 Chrome/77.0.3865.120 MQQBrowser/6.2 TBS/045224 Mobile Safari/537.36 MMWEBID/3321 MicroMessenger/7.0.15.1680(0x27000F3A) Process/tools WeChat/arm32 NetType/WIFI Language/zh_CN ABI/arm64"
123.161.114.200 - - [06/Jun/2020:23:19:58 +0800] "GET /api/ HTTP/1.1" 200 3 "http://106.55.33.30:8000/?nsukey=nCUdFk0V3GW74L%2F4T9M6oVIdY5y%2Fz3ascZwFchBLzqplrbVVylvkLLu7B6hh8vVJRPYAtJs8e020IU8zEXHRNQdZYV34lhQnyeAFk9gbx3LfhiaguHTpDXiWnzMCMrjDs8LCR63UX0cJ1kyawoNHY32YxlaRhDlFrvYgMI4i3jYYLnnDQEm2r2dcIiW74rGtXmdPn%2F89aG8l2YBCv0CDXQ%3D%3D" "Mozilla/5.0 (Linux; Android 7.0; HUAWEI MLA-AL10 Build/HUAWEIMLA-AL10; wv) AppleWebKit/537.36 (KHTML, like Gecko) Version/4.0 Chrome/77.0.3865.120 MQQBrowser/6.2 TBS/045224 Mobile Safari/537.36 MMWEBID/3321 MicroMessenger/7.0.15.1680(0x27000F3A) Process/tools WeChat/arm32 NetType/WIFI Language/zh_CN ABI/arm64"
127.0.0.1 - - [06/Jun/2020:23:20:01 +0800] "GET /api/getvideo/15 HTTP/1.0" 200 288 "http://106.55.33.30:8000/Player/15" "Mozilla/5.0 (Linux; Android 7.0; HUAWEI MLA-AL10 Build/HUAWEIMLA-AL10; wv) AppleWebKit/537.36 (KHTML, like Gecko) Version/4.0 Chrome/77.0.3865.120 MQQBrowser/6.2 TBS/045224 Mobile Safari/537.36 MMWEBID/3321 MicroMessenger/7.0.15.1680(0x27000F3A) Process/tools WeChat/arm32 NetType/WIFI Language/zh_CN ABI/arm64"
127.0.0.1 - - [06/Jun/2020:23:20:05 +0800] "GET /api/getvideo/15 HTTP/1.0" 200 288 "http://106.55.33.30:8000/Player/15?nsukey=71lefr%2FBbfhf26IIIj%2BnknJ1aNgcWvaUKoVXDTQI2XSjz0lPJH8yw%2BZo16LSYZ7VsxVzIR2V6hqoqPaDrT1X5LAvqbeNUVgDz3xuArYQt1GXcGAmfrDFqKRw%2BkI%2Fc%2BNwpH8bplPHKFZPPnspk0w3ZYQlpAoViXwtHH6k6D0pG0ASuLADnBDJ%2FSqwZHkPibf6" "Mozilla/5.0 (Linux; Android 7.0; HUAWEI MLA-AL10 Build/HUAWEIMLA-AL10; wv) AppleWebKit/537.36 (KHTML, like Gecko) Version/4.0 Chrome/77.0.3865.120 MQQBrowser/6.2 TBS/045224 Mobile Safari/537.36 MMWEBID/3321 MicroMessenger/7.0.15.1680(0x27000F3A) Process/tools WeChat/arm32 NetType/WIFI Language/zh_CN ABI/arm64"
127.0.0.1 - - [06/Jun/2020:23:23:38 +0800] "GET /api/videolist HTTP/1.0" 200 2656 "http://106.55.33.30:8000/?nsukey=uHJ5IQNEPnI9SwZNuInvyQN9e08Ah6EKwit26Lc3I3VGiCQrLB%2Bnzmly4sFz%2BHnYhoFL32AqLxfjeohtvdngV2b5EG2MIyQNlngVSh%2BU43Joycu7hMsyr0JmRfz2%2BXbZ6aTSukiB19EbDj7hOAni1ced7aEpfhsfasT0D%2FaaXRS5BEEfYM1m5ERFqsZgE9y9E9V%2Fn8ZKGJc7Cf6RfVxWpA%3D%3D" "Mozilla/5.0 (Linux; Android 7.0; HUAWEI MLA-AL10 Build/HUAWEIMLA-AL10; wv) AppleWebKit/537.36 (KHTML, like Gecko) Version/4.0 Chrome/77.0.3865.120 MQQBrowser/6.2 TBS/045224 Mobile Safari/537.36 MMWEBID/3321 MicroMessenger/7.0.15.1680(0x27000F3A) Process/tools WeChat/arm32 NetType/WIFI Language/zh_CN ABI/arm64"
123.161.114.200 - - [06/Jun/2020:23:23:38 +0800] "GET /api/ HTTP/1.1" 200 3 "http://106.55.33.30:8000/?nsukey=uHJ5IQNEPnI9SwZNuInvyQN9e08Ah6EKwit26Lc3I3VGiCQrLB%2Bnzmly4sFz%2BHnYhoFL32AqLxfjeohtvdngV2b5EG2MIyQNlngVSh%2BU43Joycu7hMsyr0JmRfz2%2BXbZ6aTSukiB19EbDj7hOAni1ced7aEpfhsfasT0D%2FaaXRS5BEEfYM1m5ERFqsZgE9y9E9V%2Fn8ZKGJc7Cf6RfVxWpA%3D%3D" "Mozilla/5.0 (Linux; Android 7.0; HUAWEI MLA-AL10 Build/HUAWEIMLA-AL10; wv) AppleWebKit/537.36 (KHTML, like Gecko) Version/4.0 Chrome/77.0.3865.120 MQQBrowser/6.2 TBS/045224 Mobile Safari/537.36 MMWEBID/3321 MicroMessenger/7.0.15.1680(0x27000F3A) Process/tools WeChat/arm32 NetType/WIFI Language/zh_CN ABI/arm64"
127.0.0.1 - - [06/Jun/2020:23:23:39 +0800] "GET /api/getvideo/15 HTTP/1.0" 200 288 "http://106.55.33.30:8000/Player/15" "Mozilla/5.0 (Linux; Android 7.0; HUAWEI MLA-AL10 Build/HUAWEIMLA-AL10; wv) AppleWebKit/537.36 (KHTML, like Gecko) Version/4.0 Chrome/77.0.3865.120 MQQBrowser/6.2 TBS/045224 Mobile Safari/537.36 MMWEBID/3321 MicroMessenger/7.0.15.1680(0x27000F3A) Process/tools WeChat/arm32 NetType/WIFI Language/zh_CN ABI/arm64"
127.0.0.1 - - [06/Jun/2020:23:23:42 +0800] "GET /api/getvideo/15 HTTP/1.0" 200 288 "http://106.55.33.30:8000/Player/15?nsukey=oPyiV9amrgjweEq2fopKd3GhXNXuUuKBYX8XfeW0YUuFhNShN9G7m0UTjfTUVgKIie5wE72pq0TwvXWWHJPcVD4oAmBf1y9fdONXyMocJxXTV8qMtnUe%2FZViO1hp7UDIuWAXv%2FX3Jy8FAvghZLCULCvSfNsMnxxQEo1IFFll5uuXvkPTvC5YYqy8bOuFT6FGDtYFPmue%2BMpvliMMMFMgJg%3D%3D" "Mozilla/5.0 (Linux; Android 7.0; HUAWEI MLA-AL10 Build/HUAWEIMLA-AL10; wv) AppleWebKit/537.36 (KHTML, like Gecko) Version/4.0 Chrome/77.0.3865.120 MQQBrowser/6.2 TBS/045224 Mobile Safari/537.36 MMWEBID/3321 MicroMessenger/7.0.15.1680(0x27000F3A) Process/tools WeChat/arm32 NetType/WIFI Language/zh_CN ABI/arm64"
123.161.114.200 - - [06/Jun/2020:23:31:26 +0800] "GET /api/ HTTP/1.1" 200 3 "http://106.55.33.30:8000/?nsukey=uHJ5IQNEPnI9SwZNuInvyQN9e08Ah6EKwit26Lc3I3VGiCQrLB%2Bnzmly4sFz%2BHnYhoFL32AqLxfjeohtvdngV2b5EG2MIyQNlngVSh%2BU43Joycu7hMsyr0JmRfz2%2BXbZ6aTSukiB19EbDj7hOAni1ced7aEpfhsfasT0D%2FaaXRS5BEEfYM1m5ERFqsZgE9y9E9V%2Fn8ZKGJc7Cf6RfVxWpA%3D%3D" "Mozilla/5.0 (Linux; Android 7.0; HUAWEI MLA-AL10 Build/HUAWEIMLA-AL10; wv) AppleWebKit/537.36 (KHTML, like Gecko) Version/4.0 Chrome/77.0.3865.120 MQQBrowser/6.2 TBS/045224 Mobile Safari/537.36 MMWEBID/3321 MicroMessenger/7.0.15.1680(0x27000F3A) Process/tools WeChat/arm32 NetType/WIFI Language/zh_CN ABI/arm64"
127.0.0.1 - - [06/Jun/2020:23:31:26 +0800] "GET /api/videolist HTTP/1.0" 200 2656 "http://106.55.33.30:8000/?nsukey=uHJ5IQNEPnI9SwZNuInvyQN9e08Ah6EKwit26Lc3I3VGiCQrLB%2Bnzmly4sFz%2BHnYhoFL32AqLxfjeohtvdngV2b5EG2MIyQNlngVSh%2BU43Joycu7hMsyr0JmRfz2%2BXbZ6aTSukiB19EbDj7hOAni1ced7aEpfhsfasT0D%2FaaXRS5BEEfYM1m5ERFqsZgE9y9E9V%2Fn8ZKGJc7Cf6RfVxWpA%3D%3D" "Mozilla/5.0 (Linux; Android 7.0; HUAWEI MLA-AL10 Build/HUAWEIMLA-AL10; wv) AppleWebKit/537.36 (KHTML, like Gecko) Version/4.0 Chrome/77.0.3865.120 MQQBrowser/6.2 TBS/045224 Mobile Safari/537.36 MMWEBID/3321 MicroMessenger/7.0.15.1680(0x27000F3A) Process/tools WeChat/arm32 NetType/WIFI Language/zh_CN ABI/arm64"
222.142.142.23 - - [06/Jun/2020:23:34:20 +0800] "GET /api/ HTTP/1.1" 200 3 "http://106.55.33.30:8000/" "Mozilla/5.0 (iPhone; CPU iPhone OS 13_4_1 like Mac OS X) AppleWebKit/605.1.15 (KHTML, like Gecko) Version/13.1 Mobile/15E148 Safari/604.1"
127.0.0.1 - - [06/Jun/2020:23:34:20 +0800] "GET /api/videolist HTTP/1.0" 200 2656 "http://106.55.33.30:8000/" "Mozilla/5.0 (iPhone; CPU iPhone OS 13_4_1 like Mac OS X) AppleWebKit/605.1.15 (KHTML, like Gecko) Version/13.1 Mobile/15E148 Safari/604.1"
127.0.0.1 - - [06/Jun/2020:23:39:55 +0800] "GET /api/videolist HTTP/1.0" 200 2656 "http://106.55.33.30:8000/" "Mozilla/5.0 (iPhone; CPU iPhone OS 13_4_1 like Mac OS X) AppleWebKit/605.1.15 (KHTML, like Gecko) Version/13.1 Mobile/15E148 Safari/604.1"
222.142.142.23 - - [06/Jun/2020:23:39:55 +0800] "GET /api/ HTTP/1.1" 200 3 "http://106.55.33.30:8000/" "Mozilla/5.0 (iPhone; CPU iPhone OS 13_4_1 like Mac OS X) AppleWebKit/605.1.15 (KHTML, like Gecko) Version/13.1 Mobile/15E148 Safari/604.1"
127.0.0.1 - - [06/Jun/2020:23:39:59 +0800] "GET /api/getvideo/14 HTTP/1.0" 200 265 "http://106.55.33.30:8000/Player/14" "Mozilla/5.0 (iPhone; CPU iPhone OS 13_4_1 like Mac OS X) AppleWebKit/605.1.15 (KHTML, like Gecko) Version/13.1 Mobile/15E148 Safari/604.1"
127.0.0.1 - - [06/Jun/2020:23:42:55 +0800] "GET /api/videolist HTTP/1.0" 200 2656 "http://106.55.33.30:8000/?nsukey=DL7gX9lBMtDLN6B%2BYcUnO85IlJeef1R1gIIJQhWHSi%2BxbwsMZ4v%2B%2FfivU%2B6E%2B6DnML%2FDRPdgcxeh8vDXQDb7trHl%2BsgezItVOLI2Wb8TyiMeub5fZcZ2lJlqskaWV8pEP6imK5q7Twprs11A9euaGPku2hHt8DoMt%2F229sWyO6EYDD66p28HsEEE3vTma76n" "Mozilla/5.0 (iPhone; CPU iPhone OS 13_4_1 like Mac OS X) AppleWebKit/605.1.15 (KHTML, like Gecko) Mobile/15E148 MicroMessenger/7.0.12(0x17000c30) NetType/WIFI Language/zh_CN"
222.142.142.23 - - [06/Jun/2020:23:42:55 +0800] "GET /api/ HTTP/1.1" 200 3 "http://106.55.33.30:8000/?nsukey=DL7gX9lBMtDLN6B%2BYcUnO85IlJeef1R1gIIJQhWHSi%2BxbwsMZ4v%2B%2FfivU%2B6E%2B6DnML%2FDRPdgcxeh8vDXQDb7trHl%2BsgezItVOLI2Wb8TyiMeub5fZcZ2lJlqskaWV8pEP6imK5q7Twprs11A9euaGPku2hHt8DoMt%2F229sWyO6EYDD66p28HsEEE3vTma76n" "Mozilla/5.0 (iPhone; CPU iPhone OS 13_4_1 like Mac OS X) AppleWebKit/605.1.15 (KHTML, like Gecko) Mobile/15E148 MicroMessenger/7.0.12(0x17000c30) NetType/WIFI Language/zh_CN"
127.0.0.1 - - [06/Jun/2020:23:43:19 +0800] "GET /api/videolist HTTP/1.0" 200 2656 "http://106.55.33.30:8000/?nsukey=4nQfo0pv8Pck2nLAjTvlniPXwa1b%2FTeGR6IcAcpHGMTJzavkNmuyFvQTEaV%2BsBCVVRrEnYiQIt1splEFzEToc%2BiVzXarYYqs1gNcC6YMoJLl3YvmiPOIPdAfB6JqzWk5j41uA9o5Sxmm7cl9Uadl5S9fPKtSGUmhfeVUQx3kUmT%2F0OwU%2FHoxmHj3MiIm%2FMKkblV%2B44pH92gLuBrYznWAsQ%3D%3D" "Mozilla/5.0 (iPhone; CPU iPhone OS 13_3_1 like Mac OS X) AppleWebKit/605.1.15 (KHTML, like Gecko) Mobile/15E148 MicroMessenger/7.0.12(0x17000c30) NetType/WIFI Language/zh_CN"
39.162.179.251 - - [06/Jun/2020:23:43:19 +0800] "GET /api/ HTTP/1.1" 200 3 "http://106.55.33.30:8000/?nsukey=4nQfo0pv8Pck2nLAjTvlniPXwa1b%2FTeGR6IcAcpHGMTJzavkNmuyFvQTEaV%2BsBCVVRrEnYiQIt1splEFzEToc%2BiVzXarYYqs1gNcC6YMoJLl3YvmiPOIPdAfB6JqzWk5j41uA9o5Sxmm7cl9Uadl5S9fPKtSGUmhfeVUQx3kUmT%2F0OwU%2FHoxmHj3MiIm%2FMKkblV%2B44pH92gLuBrYznWAsQ%3D%3D" "Mozilla/5.0 (iPhone; CPU iPhone OS 13_3_1 like Mac OS X) AppleWebKit/605.1.15 (KHTML, like Gecko) Mobile/15E148 MicroMessenger/7.0.12(0x17000c30) NetType/WIFI Language/zh_CN"
127.0.0.1 - - [06/Jun/2020:23:44:10 +0800] "GET /api/videolist HTTP/1.0" 200 2656 "http://106.55.33.30:8000/?nsukey=42caHfBVRHcksd8LuIdnQzBnwhz7Fsp0unDFz0Tg40k75XGK%2BgHLbN5lKWW2IJB%2BDHy%2FSedlM%2FA2HHKb5NklCxQ1MCkXfEmIPBPqqfTT0BbhSW7KLwzbECrVxTsUakM9KxXndk5jkriO5oT2jvHTQg%3D%3D" "Mozilla/5.0 (iPhone; CPU iPhone OS 13_3_1 like Mac OS X) AppleWebKit/605.1.15 (KHTML, like Gecko) Mobile/15E148 MicroMessenger/7.0.12(0x17000c30) NetType/WIFI Language/zh_CN"
39.162.179.251 - - [06/Jun/2020:23:44:11 +0800] "GET /api/ HTTP/1.1" 200 3 "http://106.55.33.30:8000/?nsukey=42caHfBVRHcksd8LuIdnQzBnwhz7Fsp0unDFz0Tg40k75XGK%2BgHLbN5lKWW2IJB%2BDHy%2FSedlM%2FA2HHKb5NklCxQ1MCkXfEmIPBPqqfTT0BbhSW7KLwzbECrVxTsUakM9KxXndk5jkriO5oT2jvHTQg%3D%3D" "Mozilla/5.0 (iPhone; CPU iPhone OS 13_3_1 like Mac OS X) AppleWebKit/605.1.15 (KHTML, like Gecko) Mobile/15E148 MicroMessenger/7.0.12(0x17000c30) NetType/WIFI Language/zh_CN"
127.0.0.1 - - [06/Jun/2020:23:44:19 +0800] "GET /api/getvideo/16 HTTP/1.0" 200 217 "http://106.55.33.30:8000/Player/16" "Mozilla/5.0 (iPhone; CPU iPhone OS 13_3_1 like Mac OS X) AppleWebKit/605.1.15 (KHTML, like Gecko) Mobile/15E148 MicroMessenger/7.0.12(0x17000c30) NetType/WIFI Language/zh_CN"
127.0.0.1 - - [06/Jun/2020:23:44:21 +0800] "GET /api/getvideo/16 HTTP/1.0" 200 217 "http://106.55.33.30:8000/Player/16?nsukey=ufjYJip3p30dUzyaaMIuZqmvqas%2BMb3wXX5J7zir1rsVxuktnqRZuGeGuFW5SDQmRveOmF5CamxnP1BlwDQrlFDMOgxUvYN7onyOuL8H9cdTkXm1MUskFkO0SrTJB9%2BPzqcHYr6V%2FukBHHXmGhRFxdij8WONdTs2qW2hOsi4aXOeGJBGruhQgvp78%2B2xo4LS" "Mozilla/5.0 (iPhone; CPU iPhone OS 13_3_1 like Mac OS X) AppleWebKit/605.1.15 (KHTML, like Gecko) Mobile/15E148 MicroMessenger/7.0.12(0x17000c30) NetType/WIFI Language/zh_CN"
127.0.0.1 - - [06/Jun/2020:23:53:43 +0800] "GET /api/videolist HTTP/1.0" 200 2656 "http://106.55.33.30:8000/?nsukey=PMO3IzRg0u%2F5A8OqwYBSI7D1kL1W%2FcVRfgThpO5SllKD0PGKRUSzfShY16hj5cinv89zeeCWbyii4v5iUXtnChx1NMinTT3RBCeb71Z5ilgQeApOOSRaqbygyE7hr7Wh4p90pX5TuITfcwcc1hhfxGQNrlK7xmq8IVBD8e00a2zQJ%2BeU8vsh57jF2VnYFrq11zXiaU7Up6LwgjvJTk1Bgg%3D%3D" "Mozilla/5.0 (iPhone; CPU iPhone OS 13_3_1 like Mac OS X) AppleWebKit/605.1.15 (KHTML, like Gecko) Mobile/15E148 MicroMessenger/7.0.12(0x17000c30) NetType/WIFI Language/zh_CN"
39.162.179.251 - - [06/Jun/2020:23:53:43 +0800] "GET /api/ HTTP/1.1" 200 3 "http://106.55.33.30:8000/?nsukey=PMO3IzRg0u%2F5A8OqwYBSI7D1kL1W%2FcVRfgThpO5SllKD0PGKRUSzfShY16hj5cinv89zeeCWbyii4v5iUXtnChx1NMinTT3RBCeb71Z5ilgQeApOOSRaqbygyE7hr7Wh4p90pX5TuITfcwcc1hhfxGQNrlK7xmq8IVBD8e00a2zQJ%2BeU8vsh57jF2VnYFrq11zXiaU7Up6LwgjvJTk1Bgg%3D%3D" "Mozilla/5.0 (iPhone; CPU iPhone OS 13_3_1 like Mac OS X) AppleWebKit/605.1.15 (KHTML, like Gecko) Mobile/15E148 MicroMessenger/7.0.12(0x17000c30) NetType/WIFI Language/zh_CN"
127.0.0.1 - - [06/Jun/2020:23:53:54 +0800] "GET /api/getvideo/13 HTTP/1.0" 200 271 "http://106.55.33.30:8000/Player/13" "Mozilla/5.0 (iPhone; CPU iPhone OS 13_3_1 like Mac OS X) AppleWebKit/605.1.15 (KHTML, like Gecko) Mobile/15E148 MicroMessenger/7.0.12(0x17000c30) NetType/WIFI Language/zh_CN"
127.0.0.1 - - [06/Jun/2020:23:53:55 +0800] "GET /api/getvideo/13 HTTP/1.0" 200 271 "http://106.55.33.30:8000/Player/13?nsukey=nuC1SbepFC09EVV2L0dldjeWgmMESrVcG%2F7kFh5Rps1abKKUodpAsNDmhnhxfSIYpPZck58wFFoqkjXfWINIgqeL9910Jy9wuH9MeRpJbkHSfjaQQGQXTt%2BuSDrCtguTMjDHizpJ1%2BA2jBzKRRmiGAxaanoM1SLpyyjmA4k4%2FL%2FO692Z7QkLXgiTGWtNIeR6fM7bQai4ZHM%2Fc0G6IvYKjw%3D%3D" "Mozilla/5.0 (iPhone; CPU iPhone OS 13_3_1 like Mac OS X) AppleWebKit/605.1.15 (KHTML, like Gecko) Mobile/15E148 MicroMessenger/7.0.12(0x17000c30) NetType/WIFI Language/zh_CN"
127.0.0.1 - - [07/Jun/2020:00:49:53 +0800] "GET /api/getvideo/14 HTTP/1.0" 200 265 "http://106.55.33.30:8000/Player/14" "Mozilla/5.0 (iPhone; CPU iPhone OS 13_4_1 like Mac OS X) AppleWebKit/605.1.15 (KHTML, like Gecko) Version/13.1 Mobile/15E148 Safari/604.1"
222.142.142.23 - - [07/Jun/2020:00:49:56 +0800] "GET /api/ HTTP/1.1" 200 3 "http://106.55.33.30:8000/" "Mozilla/5.0 (iPhone; CPU iPhone OS 13_4_1 like Mac OS X) AppleWebKit/605.1.15 (KHTML, like Gecko) Version/13.1 Mobile/15E148 Safari/604.1"
127.0.0.1 - - [07/Jun/2020:00:49:56 +0800] "GET /api/videolist HTTP/1.0" 200 2656 "http://106.55.33.30:8000/" "Mozilla/5.0 (iPhone; CPU iPhone OS 13_4_1 like Mac OS X) AppleWebKit/605.1.15 (KHTML, like Gecko) Version/13.1 Mobile/15E148 Safari/604.1"
127.0.0.1 - - [07/Jun/2020:00:50:08 +0800] "GET /api/getvideo/13 HTTP/1.0" 200 271 "http://106.55.33.30:8000/Player/13" "Mozilla/5.0 (iPhone; CPU iPhone OS 13_4_1 like Mac OS X) AppleWebKit/605.1.15 (KHTML, like Gecko) Version/13.1 Mobile/15E148 Safari/604.1"
185.173.35.33 - - [07/Jun/2020:00:57:18 +0800] "GET / HTTP/1.0" 200 12 "-" "NetSystemsResearch studies the availability of various services across the internet. Our website is netsystemsresearch.com"
127.0.0.1 - - [07/Jun/2020:08:04:33 +0800] "GET /api/getvideo/15 HTTP/1.0" 200 288 "http://106.55.33.30:8000/Player/15" "Mozilla/5.0 (Macintosh; Intel Mac OS X 10_15_4) AppleWebKit/605.1.15 (KHTML, like Gecko) Version/13.1 Safari/605.1.15"
222.142.142.23 - - [07/Jun/2020:08:04:37 +0800] "GET /api/ HTTP/1.1" 200 3 "http://106.55.33.30:8000/" "Mozilla/5.0 (Macintosh; Intel Mac OS X 10_15_4) AppleWebKit/605.1.15 (KHTML, like Gecko) Version/13.1 Safari/605.1.15"
127.0.0.1 - - [07/Jun/2020:08:04:37 +0800] "GET /api/videolist HTTP/1.0" 200 2656 "http://106.55.33.30:8000/" "Mozilla/5.0 (Macintosh; Intel Mac OS X 10_15_4) AppleWebKit/605.1.15 (KHTML, like Gecko) Version/13.1 Safari/605.1.15"
127.0.0.1 - - [07/Jun/2020:08:04:39 +0800] "GET /api/videolist HTTP/1.0" 200 2656 "http://106.55.33.30:8000/" "Mozilla/5.0 (Macintosh; Intel Mac OS X 10_15_4) AppleWebKit/605.1.15 (KHTML, like Gecko) Version/13.1 Safari/605.1.15"
222.142.142.23 - - [07/Jun/2020:08:04:39 +0800] "GET /api/ HTTP/1.1" 200 3 "http://106.55.33.30:8000/" "Mozilla/5.0 (Macintosh; Intel Mac OS X 10_15_4) AppleWebKit/605.1.15 (KHTML, like Gecko) Version/13.1 Safari/605.1.15"
83.97.20.29 - - [07/Jun/2020:09:23:13 +0800] "GET / HTTP/1.1" 200 12 "-" "-"
127.0.0.1 - - [07/Jun/2020:14:04:57 +0800] "GET /api/getvideo/13 HTTP/1.0" 200 271 "http://106.55.33.30:8000/Player/13" "Mozilla/5.0 (iPhone; CPU iPhone OS 13_4_1 like Mac OS X) AppleWebKit/605.1.15 (KHTML, like Gecko) Version/13.1 Mobile/15E148 Safari/604.1"
127.0.0.1 - - [07/Jun/2020:14:41:37 +0800] "GET /api/videolist HTTP/1.0" 200 2656 "http://106.55.33.30:8000/" "Mozilla/5.0 (Windows NT 10.0; Win64; x64) AppleWebKit/537.36 (KHTML, like Gecko) Chrome/83.0.4103.61 Safari/537.36"
222.142.142.23 - - [07/Jun/2020:14:41:37 +0800] "GET /api/ HTTP/1.1" 200 3 "http://106.55.33.30:8000/" "Mozilla/5.0 (Windows NT 10.0; Win64; x64) AppleWebKit/537.36 (KHTML, like Gecko) Chrome/83.0.4103.61 Safari/537.36"
223.71.167.164 - - [08/Jun/2020:06:23:18 +0800] "GET / HTTP/1.1" 200 12 "-" "Mozilla/5.0 (Macintosh; Intel Mac OS X 10.11; rv:47.0) Gecko/20100101 Firefox/47.0"
120.132.3.65 - - [08/Jun/2020:06:38:54 +0800] "GET http://www.qq.com/404/search_children.js HTTP/1.1" 404 232 "-" "Mozilla/5.0 (X11; Linux x86_64) AppleWebKit/537.36 (KHTML, like Gecko) Chrome/35.0.1916.114 Safari/537.36"
127.0.0.1 - - [08/Jun/2020:11:59:07 +0800] "GET /api/videolist HTTP/1.0" 200 2656 "http://106.55.33.30:8000/?nsukey=aBwCVldU%2BqyCYc%2BWKw2kechoAHfeGOgf%2Fnb5TPzQcptVeQbkmEM2lA3pEWQhBtcMZGI7zxFQTwwNRCnPuqpblyRPklOxCtiQahEeOYKxQIDbfGTm8rYoFGlxWoeoZhv7BxFEeNml3y8MX7wfYOswGmoJR%2FULDoRT7knBnjdGbsy3pzwU9KTiPgOkt8fXa%2FdGlmCwjGPSbqMoLxd%2FsZgfSA%3D%3D" "Mozilla/5.0 (Linux; Android 7.0; HUAWEI MLA-AL10 Build/HUAWEIMLA-AL10; wv) AppleWebKit/537.36 (KHTML, like Gecko) Version/4.0 Chrome/77.0.3865.120 MQQBrowser/6.2 TBS/045224 Mobile Safari/537.36 MMWEBID/3321 MicroMessenger/7.0.15.1680(0x27000F3A) Process/tools WeChat/arm32 NetType/WIFI Language/zh_CN ABI/arm64"
222.88.238.168 - - [08/Jun/2020:11:59:07 +0800] "GET /api/ HTTP/1.1" 200 3 "http://106.55.33.30:8000/?nsukey=aBwCVldU%2BqyCYc%2BWKw2kechoAHfeGOgf%2Fnb5TPzQcptVeQbkmEM2lA3pEWQhBtcMZGI7zxFQTwwNRCnPuqpblyRPklOxCtiQahEeOYKxQIDbfGTm8rYoFGlxWoeoZhv7BxFEeNml3y8MX7wfYOswGmoJR%2FULDoRT7knBnjdGbsy3pzwU9KTiPgOkt8fXa%2FdGlmCwjGPSbqMoLxd%2FsZgfSA%3D%3D" "Mozilla/5.0 (Linux; Android 7.0; HUAWEI MLA-AL10 Build/HUAWEIMLA-AL10; wv) AppleWebKit/537.36 (KHTML, like Gecko) Version/4.0 Chrome/77.0.3865.120 MQQBrowser/6.2 TBS/045224 Mobile Safari/537.36 MMWEBID/3321 MicroMessenger/7.0.15.1680(0x27000F3A) Process/tools WeChat/arm32 NetType/WIFI Language/zh_CN ABI/arm64"
83.97.20.29 - - [08/Jun/2020:17:41:24 +0800] "GET / HTTP/1.1" 200 12 "-" "-"
127.0.0.1 - - [08/Jun/2020:18:37:42 +0800] "GET /api/videolist HTTP/1.0" 200 2656 "http://106.55.33.30:8000/?nsukey=ZKkmOsr32OonoSWVfMaIck5n3GvZP%2Bkry0Vu%2BsEmOYbRpKlpOgjFEWBZZ1BYgoOsbbkZBqGm1TuxCXaQjJaKBRmZIkdbB2sSLCmrRd15dNFUUTcO1m2M%2Bzl%2FkSnpQ4Nb46vJzcY5761uwex8gGavrWusBSduVluGAKUdUH67Ejz7TYFJ19XRblcMXEb6Odjzu6mDDjSFGjoKmmZGskcisQ%3D%3D" "Mozilla/5.0 (iPhone; CPU iPhone OS 13_3_1 like Mac OS X) AppleWebKit/605.1.15 (KHTML, like Gecko) Mobile/15E148 MicroMessenger/7.0.12(0x17000c30) NetType/4G Language/zh_CN"
61.158.147.11 - - [08/Jun/2020:18:37:42 +0800] "GET /api/ HTTP/1.1" 200 3 "http://106.55.33.30:8000/?nsukey=ZKkmOsr32OonoSWVfMaIck5n3GvZP%2Bkry0Vu%2BsEmOYbRpKlpOgjFEWBZZ1BYgoOsbbkZBqGm1TuxCXaQjJaKBRmZIkdbB2sSLCmrRd15dNFUUTcO1m2M%2Bzl%2FkSnpQ4Nb46vJzcY5761uwex8gGavrWusBSduVluGAKUdUH67Ejz7TYFJ19XRblcMXEb6Odjzu6mDDjSFGjoKmmZGskcisQ%3D%3D" "Mozilla/5.0 (iPhone; CPU iPhone OS 13_3_1 like Mac OS X) AppleWebKit/605.1.15 (KHTML, like Gecko) Mobile/15E148 MicroMessenger/7.0.12(0x17000c30) NetType/4G Language/zh_CN"
